// Jest Snapshot v1, https://goo.gl/fbAQLP

exports[`app > products > products.component.spec.ts should match snapshot 1`] = `
<app-main-page>
  <p>
    main-page works!
  </p>
</app-main-page>
`;
